2025-06-24 22:41:46 Exception: SQLSTATE[42S02]: Base table or view not found: 1146 Table 'rommelgarciaappointments.booking_statuses' doesn't exist in C:\xampp\htdocs\admin\Appointment.php on line 18
2025-06-24 22:41:47 Exception: SQLSTATE[42S02]: Base table or view not found: 1146 Table 'rommelgarciaappointments.booking_statuses' doesn't exist in C:\xampp\htdocs\admin\Appointment.php on line 18
2025-06-24 22:41:48 Exception: SQLSTATE[42S02]: Base table or view not found: 1146 Table 'rommelgarciaappointments.booking_statuses' doesn't exist in C:\xampp\htdocs\admin\Appointment.php on line 18
2025-06-24 22:41:48 Exception: SQLSTATE[42S02]: Base table or view not found: 1146 Table 'rommelgarciaappointments.booking_statuses' doesn't exist in C:\xampp\htdocs\admin\Appointment.php on line 18
2025-06-24 22:41:48 Exception: SQLSTATE[42S02]: Base table or view not found: 1146 Table 'rommelgarciaappointments.booking_statuses' doesn't exist in C:\xampp\htdocs\admin\Appointment.php on line 18
2025-06-24 22:41:49 Exception: SQLSTATE[42S02]: Base table or view not found: 1146 Table 'rommelgarciaappointments.booking_statuses' doesn't exist in C:\xampp\htdocs\admin\Appointment.php on line 18
2025-06-24 22:41:49 Exception: SQLSTATE[42S02]: Base table or view not found: 1146 Table 'rommelgarciaappointments.booking_statuses' doesn't exist in C:\xampp\htdocs\admin\Appointment.php on line 18
2025-06-24 22:41:49 Exception: SQLSTATE[42S02]: Base table or view not found: 1146 Table 'rommelgarciaappointments.booking_statuses' doesn't exist in C:\xampp\htdocs\admin\Appointment.php on line 18
2025-06-24 22:41:52 Exception: SQLSTATE[42S02]: Base table or view not found: 1146 Table 'rommelgarciaappointments.booking_statuses' doesn't exist in C:\xampp\htdocs\admin\Appointment.php on line 18
2025-06-25 09:33:33 Exception: SQLSTATE[42S02]: Base table or view not found: 1146 Table 'rommelgarciaappointments.booking_statuses' doesn't exist in C:\xampp\htdocs\admin\Appointment.php on line 18
2025-06-25 09:33:34 Exception: SQLSTATE[42S02]: Base table or view not found: 1146 Table 'rommelgarciaappointments.booking_statuses' doesn't exist in C:\xampp\htdocs\admin\Appointment.php on line 18
2025-06-25 09:33:34 Exception: SQLSTATE[42S02]: Base table or view not found: 1146 Table 'rommelgarciaappointments.booking_statuses' doesn't exist in C:\xampp\htdocs\admin\Appointment.php on line 18
2025-06-25 09:33:35 Exception: SQLSTATE[42S02]: Base table or view not found: 1146 Table 'rommelgarciaappointments.booking_statuses' doesn't exist in C:\xampp\htdocs\admin\Appointment.php on line 18
2025-06-25 09:33:35 Exception: SQLSTATE[42S02]: Base table or view not found: 1146 Table 'rommelgarciaappointments.booking_statuses' doesn't exist in C:\xampp\htdocs\admin\Appointment.php on line 18
2025-06-25 09:33:35 Exception: SQLSTATE[42S02]: Base table or view not found: 1146 Table 'rommelgarciaappointments.booking_statuses' doesn't exist in C:\xampp\htdocs\admin\Appointment.php on line 18
2025-06-25 09:33:35 Exception: SQLSTATE[42S02]: Base table or view not found: 1146 Table 'rommelgarciaappointments.booking_statuses' doesn't exist in C:\xampp\htdocs\admin\Appointment.php on line 18
2025-06-25 09:33:35 Exception: SQLSTATE[42S02]: Base table or view not found: 1146 Table 'rommelgarciaappointments.booking_statuses' doesn't exist in C:\xampp\htdocs\admin\Appointment.php on line 18
2025-06-25 09:33:36 Exception: SQLSTATE[42S02]: Base table or view not found: 1146 Table 'rommelgarciaappointments.booking_statuses' doesn't exist in C:\xampp\htdocs\admin\Appointment.php on line 18
2025-06-25 09:33:36 Exception: SQLSTATE[42S02]: Base table or view not found: 1146 Table 'rommelgarciaappointments.booking_statuses' doesn't exist in C:\xampp\htdocs\admin\Appointment.php on line 18
2025-06-25 09:33:36 Exception: SQLSTATE[42S02]: Base table or view not found: 1146 Table 'rommelgarciaappointments.booking_statuses' doesn't exist in C:\xampp\htdocs\admin\Appointment.php on line 18
2025-06-25 09:33:36 Exception: SQLSTATE[42S02]: Base table or view not found: 1146 Table 'rommelgarciaappointments.booking_statuses' doesn't exist in C:\xampp\htdocs\admin\Appointment.php on line 18
2025-06-25 09:33:36 Exception: SQLSTATE[42S02]: Base table or view not found: 1146 Table 'rommelgarciaappointments.booking_statuses' doesn't exist in C:\xampp\htdocs\admin\Appointment.php on line 18
2025-06-25 09:33:37 Exception: SQLSTATE[42S02]: Base table or view not found: 1146 Table 'rommelgarciaappointments.booking_statuses' doesn't exist in C:\xampp\htdocs\admin\Appointment.php on line 18
2025-06-25 09:33:37 Exception: SQLSTATE[42S02]: Base table or view not found: 1146 Table 'rommelgarciaappointments.booking_statuses' doesn't exist in C:\xampp\htdocs\admin\Appointment.php on line 18
2025-06-25 09:33:37 Exception: SQLSTATE[42S02]: Base table or view not found: 1146 Table 'rommelgarciaappointments.booking_statuses' doesn't exist in C:\xampp\htdocs\admin\Appointment.php on line 18
2025-06-25 09:35:54 Error: [2] Undefined array key "action" in C:\xampp\htdocs\admin\Appointment.php on line 456
2025-06-25 09:35:55 Error: [2] Undefined array key "action" in C:\xampp\htdocs\admin\Appointment.php on line 456
2025-06-25 09:35:56 Error: [2] Undefined array key "action" in C:\xampp\htdocs\admin\Appointment.php on line 456
2025-06-25 09:35:56 Error: [2] Undefined array key "action" in C:\xampp\htdocs\admin\Appointment.php on line 456
2025-06-25 09:39:51 Error: [2] Undefined array key "action" in C:\xampp\htdocs\admin\Appointment.php on line 665
2025-06-25 09:39:52 Error: [2] Undefined array key "action" in C:\xampp\htdocs\admin\Appointment.php on line 665
2025-06-25 09:39:52 Error: [2] Undefined array key "action" in C:\xampp\htdocs\admin\Appointment.php on line 665
2025-06-25 09:39:53 Error: [2] Undefined array key "action" in C:\xampp\htdocs\admin\Appointment.php on line 665
2025-06-25 09:39:53 Error: [2] Undefined array key "action" in C:\xampp\htdocs\admin\Appointment.php on line 665
2025-06-25 09:39:53 Error: [2] Undefined array key "action" in C:\xampp\htdocs\admin\Appointment.php on line 665
2025-06-25 09:39:53 Error: [2] Undefined array key "action" in C:\xampp\htdocs\admin\Appointment.php on line 665
2025-06-25 09:39:54 Error: [2] Undefined array key "action" in C:\xampp\htdocs\admin\Appointment.php on line 665
2025-06-25 09:39:54 Error: [2] Undefined array key "action" in C:\xampp\htdocs\admin\Appointment.php on line 665
2025-06-25 09:39:54 Error: [2] Undefined array key "action" in C:\xampp\htdocs\admin\Appointment.php on line 665
2025-06-25 09:39:54 Error: [2] Undefined array key "action" in C:\xampp\htdocs\admin\Appointment.php on line 665
2025-06-25 09:39:54 Error: [2] Undefined array key "action" in C:\xampp\htdocs\admin\Appointment.php on line 665
2025-06-25 09:39:55 Error: [2] Undefined array key "action" in C:\xampp\htdocs\admin\Appointment.php on line 665
2025-06-25 09:39:55 Error: [2] Undefined array key "action" in C:\xampp\htdocs\admin\Appointment.php on line 665
2025-06-25 09:39:55 Error: [2] Undefined array key "action" in C:\xampp\htdocs\admin\Appointment.php on line 665
2025-06-25 09:39:55 Error: [2] Undefined array key "action" in C:\xampp\htdocs\admin\Appointment.php on line 665
2025-06-25 09:39:55 Error: [2] Undefined array key "action" in C:\xampp\htdocs\admin\Appointment.php on line 665
2025-06-25 09:39:55 Error: [2] Undefined array key "action" in C:\xampp\htdocs\admin\Appointment.php on line 665
2025-06-25 09:39:56 Error: [2] Undefined array key "action" in C:\xampp\htdocs\admin\Appointment.php on line 665
2025-06-25 09:39:58 Error: [2] Undefined array key "action" in C:\xampp\htdocs\admin\Appointment.php on line 665
2025-06-25 09:56:13 Error: [2] Undefined array key "action" in C:\xampp\htdocs\admin\Appointment.php on line 664
2025-06-25 09:56:14 Error: [2] Undefined array key "action" in C:\xampp\htdocs\admin\Appointment.php on line 664
2025-06-25 09:56:15 Error: [2] Undefined array key "action" in C:\xampp\htdocs\admin\Appointment.php on line 664
2025-06-25 09:56:15 Error: [2] Undefined array key "action" in C:\xampp\htdocs\admin\Appointment.php on line 664
2025-06-25 09:56:15 Error: [2] Undefined array key "action" in C:\xampp\htdocs\admin\Appointment.php on line 664
2025-06-25 09:56:15 Error: [2] Undefined array key "action" in C:\xampp\htdocs\admin\Appointment.php on line 664
2025-06-25 09:56:15 Error: [2] Undefined array key "action" in C:\xampp\htdocs\admin\Appointment.php on line 664
2025-06-25 09:56:16 Error: [2] Undefined array key "action" in C:\xampp\htdocs\admin\Appointment.php on line 664
2025-06-25 09:56:16 Error: [2] Undefined array key "action" in C:\xampp\htdocs\admin\Appointment.php on line 664
2025-06-25 10:04:02 Error: [2] Undefined array key "action" in C:\xampp\htdocs\admin\Appointment.php on line 446
2025-06-25 10:04:03 Error: [2] Undefined array key "action" in C:\xampp\htdocs\admin\Appointment.php on line 446
2025-06-25 10:04:04 Error: [2] Undefined array key "action" in C:\xampp\htdocs\admin\Appointment.php on line 446
2025-06-25 10:04:04 Error: [2] Undefined array key "action" in C:\xampp\htdocs\admin\Appointment.php on line 446
2025-06-25 10:04:05 Error: [2] Undefined array key "action" in C:\xampp\htdocs\admin\Appointment.php on line 446
2025-06-25 10:04:09 Error: [2] Undefined array key "action" in C:\xampp\htdocs\admin\Appointment.php on line 446
2025-06-25 10:07:37 Error: [2] Undefined array key "action" in C:\xampp\htdocs\admin\Appointment.php on line 410
2025-06-25 10:07:38 Error: [2] Undefined array key "action" in C:\xampp\htdocs\admin\Appointment.php on line 410
2025-06-25 10:07:38 Error: [2] Undefined array key "action" in C:\xampp\htdocs\admin\Appointment.php on line 410
2025-06-25 10:07:38 Error: [2] Undefined array key "action" in C:\xampp\htdocs\admin\Appointment.php on line 410
2025-06-25 10:07:39 Error: [2] Undefined array key "action" in C:\xampp\htdocs\admin\Appointment.php on line 410
2025-06-25 10:09:00 Error: [2] Undefined array key "action" in C:\xampp\htdocs\admin\Appointment.php on line 517
2025-06-25 10:09:01 Error: [2] Undefined array key "action" in C:\xampp\htdocs\admin\Appointment.php on line 517
2025-06-25 10:17:43 Exception: Class "Appointment" not found in C:\xampp\htdocs\admin\index.php on line 31
2025-06-25 10:17:44 Exception: Class "Appointment" not found in C:\xampp\htdocs\admin\index.php on line 31
2025-06-25 10:17:44 Exception: Class "Appointment" not found in C:\xampp\htdocs\admin\index.php on line 31
2025-06-25 10:17:45 Exception: Class "Appointment" not found in C:\xampp\htdocs\admin\index.php on line 31
2025-06-25 10:17:45 Exception: Class "Appointment" not found in C:\xampp\htdocs\admin\index.php on line 31
2025-06-25 10:17:45 Exception: Class "Appointment" not found in C:\xampp\htdocs\admin\index.php on line 31
2025-06-25 10:17:45 Exception: Class "Appointment" not found in C:\xampp\htdocs\admin\index.php on line 31
2025-06-25 10:17:46 Exception: Class "Appointment" not found in C:\xampp\htdocs\admin\index.php on line 31
2025-06-25 10:17:46 Exception: Class "Appointment" not found in C:\xampp\htdocs\admin\index.php on line 31
2025-06-25 10:17:46 Exception: Class "Appointment" not found in C:\xampp\htdocs\admin\index.php on line 31
2025-06-25 10:22:14 Error: [2] Undefined array key "action" in C:\xampp\htdocs\admin\Appointment.php on line 461
2025-06-25 11:09:25 Error: [2] Undefined array key "action" in C:\xampp\htdocs\admin\Appointment.php on line 511
2025-06-25 11:09:36 Error: [2] Undefined array key "action" in C:\xampp\htdocs\admin\Appointment.php on line 498
2025-06-25 11:13:00 Error: [2] Undefined array key "action" in C:\xampp\htdocs\admin\Appointment.php on line 495
2025-06-25 11:38:50 Error: [2] Undefined array key "action" in C:\xampp\htdocs\admin\Appointment.php on line 495
2025-06-25 11:38:50 Error: [2] Undefined array key "action" in C:\xampp\htdocs\admin\Appointment.php on line 495
2025-06-25 11:38:51 Error: [2] Undefined array key "action" in C:\xampp\htdocs\admin\Appointment.php on line 495
2025-06-25 11:38:51 Error: [2] Undefined array key "action" in C:\xampp\htdocs\admin\Appointment.php on line 495
2025-06-25 11:41:25 Error: [2] Undefined array key "action" in C:\xampp\htdocs\admin\Appointment.php on line 505
2025-06-25 11:41:26 Error: [2] Undefined array key "action" in C:\xampp\htdocs\admin\Appointment.php on line 505
2025-06-25 11:43:38 Error: [2] Undefined array key "action" in C:\xampp\htdocs\admin\Appointment.php on line 531
2025-06-25 11:45:57 Error: [2] Undefined array key "action" in C:\xampp\htdocs\admin\Appointment.php on line 541
2025-06-25 11:45:58 Error: [2] Undefined array key "action" in C:\xampp\htdocs\admin\Appointment.php on line 541
2025-06-25 11:45:58 Error: [2] Undefined array key "action" in C:\xampp\htdocs\admin\Appointment.php on line 541
2025-06-29 09:00:02 Error: [2] Undefined array key "action" in C:\xampp\htdocs\admin\Appointment.php on line 537
2025-06-29 10:21:35 Error: [2] Undefined array key "action" in C:\xampp\htdocs\admin\Appointment.php on line 572
2025-06-29 10:21:38 Error: [2] Undefined array key "action" in C:\xampp\htdocs\admin\Appointment.php on line 572
2025-06-29 10:21:41 Error: [2] Undefined array key "action" in C:\xampp\htdocs\admin\Appointment.php on line 572
2025-06-29 10:21:43 Error: [2] Undefined array key "action" in C:\xampp\htdocs\admin\Appointment.php on line 572
2025-06-29 10:21:45 Error: [2] Undefined array key "action" in C:\xampp\htdocs\admin\Appointment.php on line 572
2025-06-29 10:21:47 Error: [2] Undefined array key "action" in C:\xampp\htdocs\admin\Appointment.php on line 572
2025-06-29 10:21:47 Error: [2] Undefined array key "action" in C:\xampp\htdocs\admin\Appointment.php on line 572
2025-06-29 10:22:32 Error: [2] Undefined array key "action" in C:\xampp\htdocs\admin\Appointment.php on line 572
2025-06-29 10:24:21 Error: [2] Undefined array key "action" in C:\xampp\htdocs\admin\Appointment.php on line 572
2025-06-29 10:24:22 Error: [2] Undefined array key "action" in C:\xampp\htdocs\admin\Appointment.php on line 572
2025-07-16 08:27:19 Error: [2] Undefined array key "action" in C:\xampp\htdocs\admin\Appointment.php on line 572
2025-07-16 08:27:29 Error: [2] Undefined array key "action" in C:\xampp\htdocs\admin\Appointment.php on line 572
2025-07-16 10:04:34 Error: [2] Undefined array key "action" in C:\xampp\htdocs\admin\Appointment.php on line 660
2025-07-16 10:04:56 Error: [2] Undefined array key "action" in C:\xampp\htdocs\admin\Appointment.php on line 660
2025-07-16 10:50:47 Error: [2] Undefined array key "action" in C:\xampp\htdocs\admin\Appointment.php on line 657
2025-07-16 10:52:17 Error: [2] Undefined array key "action" in C:\xampp\htdocs\admin\Appointment.php on line 662
2025-07-16 10:52:41 Error: [2] Undefined array key "action" in C:\xampp\htdocs\admin\Appointment.php on line 662
2025-07-16 10:55:25 Error: [2] Undefined array key "action" in C:\xampp\htdocs\admin\Appointment.php on line 662
2025-07-16 10:56:21 Error: [2] Undefined array key "action" in C:\xampp\htdocs\admin\Appointment.php on line 662
2025-07-16 11:10:10 Error: [2] Undefined array key "action" in C:\xampp\htdocs\admin\Appointment.php on line 662
2025-07-16 11:11:56 Error: [2] Undefined array key "action" in C:\xampp\htdocs\admin\Appointment.php on line 662
2025-07-16 11:12:26 Error: [2] Undefined array key "action" in C:\xampp\htdocs\admin\Appointment.php on line 662
2025-07-16 11:13:16 Error: [2] Undefined array key "action" in C:\xampp\htdocs\admin\Appointment.php on line 662
2025-07-16 11:14:28 Error: [2] Undefined array key "action" in C:\xampp\htdocs\admin\Appointment.php on line 662
2025-07-16 11:56:51 Error: [2] Undefined array key "full_name" in C:\xampp\htdocs\admin\models\Appointment.php on line 136
2025-07-16 11:56:51 Error: [2] Undefined array key "email" in C:\xampp\htdocs\admin\models\Appointment.php on line 137
2025-07-16 11:56:51 Error: [2] Undefined array key "phone" in C:\xampp\htdocs\admin\models\Appointment.php on line 138
2025-07-16 11:56:51 Error: [2] Undefined array key "notes" in C:\xampp\htdocs\admin\models\Appointment.php on line 141
2025-07-16 11:56:51 Error: [8192] htmlspecialchars(): Passing null to parameter #1 ($string) of type string is deprecated in C:\xampp\htdocs\admin\Appointment.php on line 137
2025-07-16 11:56:51 Error: [8192] htmlspecialchars(): Passing null to parameter #1 ($string) of type string is deprecated in C:\xampp\htdocs\admin\config\error_handler.php on line 90
2025-07-16 11:56:51 Error: [8192] htmlspecialchars(): Passing null to parameter #1 ($string) of type string is deprecated in C:\xampp\htdocs\admin\Appointment.php on line 750
2025-07-16 11:56:53 Error: [8192] htmlspecialchars(): Passing null to parameter #1 ($string) of type string is deprecated in C:\xampp\htdocs\admin\config\error_handler.php on line 90
2025-07-16 11:56:54 Error: [8192] htmlspecialchars(): Passing null to parameter #1 ($string) of type string is deprecated in C:\xampp\htdocs\admin\config\error_handler.php on line 90
2025-07-16 11:56:55 Error: [8192] htmlspecialchars(): Passing null to parameter #1 ($string) of type string is deprecated in C:\xampp\htdocs\admin\config\error_handler.php on line 90
2025-07-16 11:56:55 Error: [8192] htmlspecialchars(): Passing null to parameter #1 ($string) of type string is deprecated in C:\xampp\htdocs\admin\config\error_handler.php on line 90
2025-07-16 11:56:55 Error: [8192] htmlspecialchars(): Passing null to parameter #1 ($string) of type string is deprecated in C:\xampp\htdocs\admin\Appointment.php on line 750
2025-07-16 11:57:05 Error: [2] Undefined array key "full_name" in C:\xampp\htdocs\admin\models\Appointment.php on line 136
2025-07-16 11:57:05 Error: [2] Undefined array key "email" in C:\xampp\htdocs\admin\models\Appointment.php on line 137
2025-07-16 11:57:05 Error: [2] Undefined array key "phone" in C:\xampp\htdocs\admin\models\Appointment.php on line 138
2025-07-16 11:57:05 Error: [2] Undefined array key "notes" in C:\xampp\htdocs\admin\models\Appointment.php on line 141
2025-07-16 11:57:05 Error: [8192] htmlspecialchars(): Passing null to parameter #1 ($string) of type string is deprecated in C:\xampp\htdocs\admin\Appointment.php on line 137
2025-07-16 11:57:05 Error: [8192] htmlspecialchars(): Passing null to parameter #1 ($string) of type string is deprecated in C:\xampp\htdocs\admin\config\error_handler.php on line 90
2025-07-16 11:57:05 Error: [8192] htmlspecialchars(): Passing null to parameter #1 ($string) of type string is deprecated in C:\xampp\htdocs\admin\Appointment.php on line 750
2025-07-16 11:57:33 Error: [8192] htmlspecialchars(): Passing null to parameter #1 ($string) of type string is deprecated in C:\xampp\htdocs\admin\config\error_handler.php on line 90
2025-07-16 11:57:33 Error: [8192] htmlspecialchars(): Passing null to parameter #1 ($string) of type string is deprecated in C:\xampp\htdocs\admin\Appointment.php on line 750
2025-07-16 11:57:36 Error: [8192] htmlspecialchars(): Passing null to parameter #1 ($string) of type string is deprecated in C:\xampp\htdocs\admin\config\error_handler.php on line 90
2025-07-16 11:57:37 Error: [8192] htmlspecialchars(): Passing null to parameter #1 ($string) of type string is deprecated in C:\xampp\htdocs\admin\config\error_handler.php on line 90
2025-07-16 11:57:51 Error: [8192] htmlspecialchars(): Passing null to parameter #1 ($string) of type string is deprecated in C:\xampp\htdocs\admin\config\error_handler.php on line 90
2025-07-16 11:59:11 Error: [8192] htmlspecialchars(): Passing null to parameter #1 ($string) of type string is deprecated in C:\xampp\htdocs\admin\config\error_handler.php on line 90
2025-07-16 11:59:12 Error: [8192] htmlspecialchars(): Passing null to parameter #1 ($string) of type string is deprecated in C:\xampp\htdocs\admin\config\error_handler.php on line 90
2025-07-16 11:59:12 Error: [8192] htmlspecialchars(): Passing null to parameter #1 ($string) of type string is deprecated in C:\xampp\htdocs\admin\Appointment.php on line 995
2025-07-16 11:59:12 Error: [8192] strtolower(): Passing null to parameter #1 ($string) of type string is deprecated in C:\xampp\htdocs\admin\Appointment.php on line 1004
2025-07-16 11:59:12 Error: [8192] strtolower(): Passing null to parameter #1 ($string) of type string is deprecated in C:\xampp\htdocs\admin\Appointment.php on line 1004
2025-07-16 11:59:12 Error: [8192] strtolower(): Passing null to parameter #1 ($string) of type string is deprecated in C:\xampp\htdocs\admin\Appointment.php on line 1004
2025-07-16 11:59:12 Error: [8192] strtolower(): Passing null to parameter #1 ($string) of type string is deprecated in C:\xampp\htdocs\admin\Appointment.php on line 1004
2025-07-16 11:59:12 Error: [8192] strtolower(): Passing null to parameter #1 ($string) of type string is deprecated in C:\xampp\htdocs\admin\Appointment.php on line 1004
2025-07-16 11:59:12 Error: [8192] strtolower(): Passing null to parameter #1 ($string) of type string is deprecated in C:\xampp\htdocs\admin\Appointment.php on line 1004
2025-07-16 11:59:12 Error: [8192] strtolower(): Passing null to parameter #1 ($string) of type string is deprecated in C:\xampp\htdocs\admin\Appointment.php on line 1004
2025-07-16 11:59:12 Error: [8192] strtolower(): Passing null to parameter #1 ($string) of type string is deprecated in C:\xampp\htdocs\admin\Appointment.php on line 1004
2025-07-16 11:59:12 Error: [8192] strtolower(): Passing null to parameter #1 ($string) of type string is deprecated in C:\xampp\htdocs\admin\Appointment.php on line 1004
2025-07-16 11:59:12 Error: [8192] strtolower(): Passing null to parameter #1 ($string) of type string is deprecated in C:\xampp\htdocs\admin\Appointment.php on line 1004
2025-07-16 11:59:12 Error: [8192] strtolower(): Passing null to parameter #1 ($string) of type string is deprecated in C:\xampp\htdocs\admin\Appointment.php on line 1004
2025-07-16 11:59:12 Error: [8192] strtolower(): Passing null to parameter #1 ($string) of type string is deprecated in C:\xampp\htdocs\admin\Appointment.php on line 1004
2025-07-16 11:59:12 Error: [8192] strtolower(): Passing null to parameter #1 ($string) of type string is deprecated in C:\xampp\htdocs\admin\Appointment.php on line 1004
2025-07-16 11:59:12 Error: [8192] strtolower(): Passing null to parameter #1 ($string) of type string is deprecated in C:\xampp\htdocs\admin\Appointment.php on line 1004
2025-07-16 11:59:12 Error: [8192] strtolower(): Passing null to parameter #1 ($string) of type string is deprecated in C:\xampp\htdocs\admin\Appointment.php on line 1004
2025-07-16 11:59:12 Error: [8192] strtolower(): Passing null to parameter #1 ($string) of type string is deprecated in C:\xampp\htdocs\admin\Appointment.php on line 1004
2025-07-16 12:00:34 Error: [2] Undefined array key "full_name" in C:\xampp\htdocs\admin\models\Appointment.php on line 136
2025-07-16 12:00:34 Error: [2] Undefined array key "email" in C:\xampp\htdocs\admin\models\Appointment.php on line 137
2025-07-16 12:00:34 Error: [2] Undefined array key "phone" in C:\xampp\htdocs\admin\models\Appointment.php on line 138
2025-07-16 12:00:34 Error: [2] Undefined array key "notes" in C:\xampp\htdocs\admin\models\Appointment.php on line 141
2025-07-16 12:00:34 Error: [8192] htmlspecialchars(): Passing null to parameter #1 ($string) of type string is deprecated in C:\xampp\htdocs\admin\Appointment.php on line 137
2025-07-16 12:00:34 Error: [8192] htmlspecialchars(): Passing null to parameter #1 ($string) of type string is deprecated in C:\xampp\htdocs\admin\config\error_handler.php on line 90
2025-07-16 12:00:34 Error: [8192] htmlspecialchars(): Passing null to parameter #1 ($string) of type string is deprecated in C:\xampp\htdocs\admin\Appointment.php on line 750
2025-07-16 12:00:36 Error: [8192] htmlspecialchars(): Passing null to parameter #1 ($string) of type string is deprecated in C:\xampp\htdocs\admin\config\error_handler.php on line 90
2025-07-16 12:00:37 Error: [8192] htmlspecialchars(): Passing null to parameter #1 ($string) of type string is deprecated in C:\xampp\htdocs\admin\config\error_handler.php on line 90
2025-07-16 12:10:24 Error: [8192] htmlspecialchars(): Passing null to parameter #1 ($string) of type string is deprecated in C:\xampp\htdocs\admin\config\error_handler.php on line 90
2025-07-16 12:10:25 Error: [8192] htmlspecialchars(): Passing null to parameter #1 ($string) of type string is deprecated in C:\xampp\htdocs\admin\config\error_handler.php on line 90
2025-07-16 12:10:25 Error: [8192] htmlspecialchars(): Passing null to parameter #1 ($string) of type string is deprecated in C:\xampp\htdocs\admin\Appointment.php on line 1005
2025-07-16 12:10:25 Error: [8192] strtolower(): Passing null to parameter #1 ($string) of type string is deprecated in C:\xampp\htdocs\admin\Appointment.php on line 1014
2025-07-16 12:10:25 Error: [8192] strtolower(): Passing null to parameter #1 ($string) of type string is deprecated in C:\xampp\htdocs\admin\Appointment.php on line 1014
2025-07-16 12:10:25 Error: [8192] strtolower(): Passing null to parameter #1 ($string) of type string is deprecated in C:\xampp\htdocs\admin\Appointment.php on line 1014
2025-07-16 12:10:25 Error: [8192] strtolower(): Passing null to parameter #1 ($string) of type string is deprecated in C:\xampp\htdocs\admin\Appointment.php on line 1014
2025-07-16 12:10:25 Error: [8192] strtolower(): Passing null to parameter #1 ($string) of type string is deprecated in C:\xampp\htdocs\admin\Appointment.php on line 1014
2025-07-16 12:10:25 Error: [8192] strtolower(): Passing null to parameter #1 ($string) of type string is deprecated in C:\xampp\htdocs\admin\Appointment.php on line 1014
2025-07-16 12:10:25 Error: [8192] strtolower(): Passing null to parameter #1 ($string) of type string is deprecated in C:\xampp\htdocs\admin\Appointment.php on line 1014
2025-07-16 12:10:25 Error: [8192] strtolower(): Passing null to parameter #1 ($string) of type string is deprecated in C:\xampp\htdocs\admin\Appointment.php on line 1014
2025-07-16 12:10:25 Error: [8192] strtolower(): Passing null to parameter #1 ($string) of type string is deprecated in C:\xampp\htdocs\admin\Appointment.php on line 1014
2025-07-16 12:10:25 Error: [8192] strtolower(): Passing null to parameter #1 ($string) of type string is deprecated in C:\xampp\htdocs\admin\Appointment.php on line 1014
2025-07-16 12:10:25 Error: [8192] strtolower(): Passing null to parameter #1 ($string) of type string is deprecated in C:\xampp\htdocs\admin\Appointment.php on line 1014
2025-07-16 12:10:25 Error: [8192] strtolower(): Passing null to parameter #1 ($string) of type string is deprecated in C:\xampp\htdocs\admin\Appointment.php on line 1014
2025-07-16 12:10:25 Error: [8192] strtolower(): Passing null to parameter #1 ($string) of type string is deprecated in C:\xampp\htdocs\admin\Appointment.php on line 1014
2025-07-16 12:10:25 Error: [8192] strtolower(): Passing null to parameter #1 ($string) of type string is deprecated in C:\xampp\htdocs\admin\Appointment.php on line 1014
2025-07-16 12:10:25 Error: [8192] strtolower(): Passing null to parameter #1 ($string) of type string is deprecated in C:\xampp\htdocs\admin\Appointment.php on line 1014
2025-07-16 12:10:25 Error: [8192] strtolower(): Passing null to parameter #1 ($string) of type string is deprecated in C:\xampp\htdocs\admin\Appointment.php on line 1014
2025-07-16 12:46:58 Error: [2] Undefined array key "action" in C:\xampp\htdocs\admin\Appointment.php on line 690
2025-07-16 12:47:58 Error: [2] Undefined array key "action" in C:\xampp\htdocs\admin\Appointment.php on line 690
2025-07-16 12:50:55 Error: [2] Undefined array key "action" in C:\xampp\htdocs\admin\Appointment.php on line 690
2025-07-16 12:56:26 Error: [2] Undefined array key "action" in C:\xampp\htdocs\admin\Appointment.php on line 690
2025-07-16 16:25:01 Error: [2] Undefined array key "action" in C:\xampp\htdocs\admin\Appointment.php on line 690
2025-07-16 17:30:58 Error: [2] Undefined array key "action" in C:\xampp\htdocs\admin\Appointment.php on line 690
2025-07-16 19:13:51 Error: [2] Undefined array key "action" in C:\xampp\htdocs\admin\Appointment.php on line 690
2025-07-21 02:14:34 Error: [2] Undefined array key "action" in C:\xampp\htdocs\admin\Appointment.php on line 690
2025-07-21 02:21:38 Error: [2] Undefined array key "action" in C:\xampp\htdocs\admin\Appointment.php on line 687
2025-07-25 11:25:13 Error: [2] Undefined array key "action" in C:\xampp\htdocs\admin\Appointment.php on line 687
2025-08-16 14:55:44 Error: [2] Undefined array key "action" in D:\xampp\htdocs\admin\Appointment.php on line 687
2025-08-16 14:56:58 Error: [2] Undefined array key "action" in D:\xampp\htdocs\admin\Appointment.php on line 687
2025-08-16 14:57:16 Error: [2] Undefined array key "action" in D:\xampp\htdocs\admin\Appointment.php on line 687
2025-08-16 14:57:53 Error: [2] Undefined array key "action" in D:\xampp\htdocs\admin\Appointment.php on line 687
2025-08-16 15:17:22 Error: [2] Undefined array key "action" in D:\xampp\htdocs\admin\Appointment.php on line 687
2025-08-16 15:18:19 Error: [2] Undefined array key "action" in D:\xampp\htdocs\admin\Appointment.php on line 687
2025-08-16 15:18:35 Error: [2] Undefined array key "action" in D:\xampp\htdocs\admin\Appointment.php on line 687
2025-08-16 15:37:10 Error: [2] Undefined array key "action" in D:\xampp\htdocs\admin\Appointment.php on line 687
2025-08-16 15:38:21 Error: [2] Undefined array key "action" in D:\xampp\htdocs\admin\Appointment.php on line 687
2025-08-16 15:38:50 Error: [2] Undefined array key "action" in D:\xampp\htdocs\admin\Appointment.php on line 687
2025-08-16 15:38:50 Error: [2] Undefined array key "action" in D:\xampp\htdocs\admin\Appointment.php on line 687
2025-08-16 15:38:50 Error: [2] Undefined array key "action" in D:\xampp\htdocs\admin\Appointment.php on line 687
2025-08-16 15:41:13 Error: [2] Undefined array key "action" in D:\xampp\htdocs\admin\Appointment.php on line 687
2025-08-16 15:49:07 Error: [2] Undefined array key "action" in D:\xampp\htdocs\admin\Appointment.php on line 687
2025-08-16 15:50:50 Error: [2] Undefined array key "action" in D:\xampp\htdocs\admin\Appointment.php on line 687
2025-08-16 15:57:31 Error: [2] Undefined array key "action" in D:\xampp\htdocs\admin\Appointment.php on line 687
2025-08-28 07:22:20 Error: [2] Undefined array key "action" in C:\xampp\htdocs\admin\Appointment.php on line 790
2025-08-28 07:26:19 Error: [2] Undefined array key "action" in C:\xampp\htdocs\admin\Appointment.php on line 790
2025-08-28 07:26:30 Error: [2] Undefined array key "action" in C:\xampp\htdocs\admin\Appointment.php on line 804
2025-08-28 07:27:24 Error: [2] Undefined array key "action" in C:\xampp\htdocs\admin\Appointment.php on line 814
2025-08-28 07:27:26 Error: [2] Undefined array key "action" in C:\xampp\htdocs\admin\Appointment.php on line 814
2025-08-28 07:27:42 Error: [2] Undefined array key "action" in C:\xampp\htdocs\admin\Appointment.php on line 808
2025-08-28 07:27:43 Error: [2] Undefined array key "action" in C:\xampp\htdocs\admin\Appointment.php on line 808
2025-08-28 07:27:44 Error: [2] Undefined array key "action" in C:\xampp\htdocs\admin\Appointment.php on line 808
2025-08-28 07:27:52 Error: [2] Undefined array key "action" in C:\xampp\htdocs\admin\Appointment.php on line 808
2025-08-28 07:27:53 Error: [2] Undefined array key "action" in C:\xampp\htdocs\admin\Appointment.php on line 808
2025-08-28 07:29:06 Error: [2] Undefined array key "action" in C:\xampp\htdocs\admin\Appointment.php on line 810
2025-08-28 07:29:25 Error: [2] Undefined array key "action" in C:\xampp\htdocs\admin\Appointment.php on line 810
2025-08-28 07:29:28 Error: [2] Undefined array key "action" in C:\xampp\htdocs\admin\Appointment.php on line 810
2025-08-28 07:34:57 Error: [2] Undefined array key "action" in C:\xampp\htdocs\admin\Appointment.php on line 810
2025-08-28 08:03:05 Error: [2] Undefined array key "action" in C:\xampp\htdocs\admin\Appointment.php on line 804
2025-08-28 08:04:02 Error: [2] Undefined array key "action" in C:\xampp\htdocs\admin\Appointment.php on line 793
2025-08-28 09:35:58 Error: [2] Undefined array key "action" in C:\xampp\htdocs\admin\Appointment.php on line 793
2025-08-28 09:41:56 Error: [2] Undefined array key "action" in C:\xampp\htdocs\admin\Appointment.php on line 793
2025-08-28 09:41:57 Error: [2] Undefined array key "action" in C:\xampp\htdocs\admin\Appointment.php on line 793
2025-08-28 09:46:55 Error: [2] Undefined array key "action" in C:\xampp\htdocs\admin\Appointment.php on line 793
2025-08-28 09:47:42 Error: [2] Undefined array key "action" in C:\xampp\htdocs\admin\Appointment.php on line 793
2025-08-28 09:47:59 Error: [2] Undefined array key "action" in C:\xampp\htdocs\admin\Appointment.php on line 793
2025-08-28 10:03:39 Error: [2] Undefined array key "action" in C:\xampp\htdocs\admin\Appointment.php on line 793
2025-08-28 10:03:56 Error: [2] Undefined array key "action" in C:\xampp\htdocs\admin\Appointment.php on line 793
2025-08-28 10:04:02 Error: [2] Undefined array key "action" in C:\xampp\htdocs\admin\Appointment.php on line 793
2025-08-28 10:05:05 Error: [2] Undefined array key "action" in C:\xampp\htdocs\admin\Appointment.php on line 793
2025-08-28 10:05:28 Error: [2] Undefined array key "action" in C:\xampp\htdocs\admin\Appointment.php on line 793
2025-08-28 10:05:28 Error: [2] Undefined array key "action" in C:\xampp\htdocs\admin\Appointment.php on line 793
2025-08-28 10:05:28 Error: [2] Undefined array key "action" in C:\xampp\htdocs\admin\Appointment.php on line 793
2025-08-28 10:05:28 Error: [2] Undefined array key "action" in C:\xampp\htdocs\admin\Appointment.php on line 793
2025-08-28 10:05:28 Error: [2] Undefined array key "action" in C:\xampp\htdocs\admin\Appointment.php on line 793
2025-08-28 10:05:29 Error: [2] Undefined array key "action" in C:\xampp\htdocs\admin\Appointment.php on line 793
2025-08-28 10:05:29 Error: [2] Undefined array key "action" in C:\xampp\htdocs\admin\Appointment.php on line 793
2025-08-28 10:05:29 Error: [2] Undefined array key "action" in C:\xampp\htdocs\admin\Appointment.php on line 793
2025-08-28 10:05:29 Error: [2] Undefined array key "action" in C:\xampp\htdocs\admin\Appointment.php on line 793
2025-08-28 10:05:29 Error: [2] Undefined array key "action" in C:\xampp\htdocs\admin\Appointment.php on line 793
2025-08-28 10:05:29 Error: [2] Undefined array key "action" in C:\xampp\htdocs\admin\Appointment.php on line 793
2025-08-28 10:05:30 Error: [2] Undefined array key "action" in C:\xampp\htdocs\admin\Appointment.php on line 793
2025-08-28 10:05:30 Error: [2] Undefined array key "action" in C:\xampp\htdocs\admin\Appointment.php on line 793
2025-08-28 10:05:31 Error: [2] Undefined array key "action" in C:\xampp\htdocs\admin\Appointment.php on line 793
2025-08-28 10:05:31 Error: [2] Undefined array key "action" in C:\xampp\htdocs\admin\Appointment.php on line 793
2025-08-28 10:05:53 Error: [2] Undefined array key "action" in C:\xampp\htdocs\admin\Appointment.php on line 793
2025-08-28 10:12:21 Error: [2] Undefined array key "action" in C:\xampp\htdocs\admin\Appointment.php on line 793
2025-08-28 10:12:22 Error: [2] Undefined array key "action" in C:\xampp\htdocs\admin\Appointment.php on line 793
2025-08-28 10:12:38 Error: [2] Undefined array key "action" in C:\xampp\htdocs\admin\Appointment.php on line 793
2025-08-28 10:12:39 Error: [2] Undefined array key "action" in C:\xampp\htdocs\admin\Appointment.php on line 793
2025-08-28 10:13:54 Error: [2] Undefined array key "action" in C:\xampp\htdocs\admin\Appointment.php on line 801
2025-08-28 10:13:56 Error: [2] Undefined array key "action" in C:\xampp\htdocs\admin\Appointment.php on line 801
2025-08-28 10:13:57 Error: [2] Undefined array key "action" in C:\xampp\htdocs\admin\Appointment.php on line 801
2025-08-28 10:13:58 Error: [2] Undefined array key "action" in C:\xampp\htdocs\admin\Appointment.php on line 801
2025-08-28 10:13:58 Error: [2] Undefined array key "action" in C:\xampp\htdocs\admin\Appointment.php on line 801
2025-08-28 10:13:59 Error: [2] Undefined array key "action" in C:\xampp\htdocs\admin\Appointment.php on line 801
2025-08-28 10:14:00 Error: [2] Undefined array key "action" in C:\xampp\htdocs\admin\Appointment.php on line 801
2025-08-28 10:14:01 Error: [2] Undefined array key "action" in C:\xampp\htdocs\admin\Appointment.php on line 801
2025-08-28 10:14:02 Error: [2] Undefined array key "action" in C:\xampp\htdocs\admin\Appointment.php on line 801
2025-08-28 10:14:02 Error: [2] Undefined array key "action" in C:\xampp\htdocs\admin\Appointment.php on line 801
2025-08-28 10:14:03 Error: [2] Undefined array key "action" in C:\xampp\htdocs\admin\Appointment.php on line 801
2025-08-28 10:14:03 Error: [2] Undefined array key "action" in C:\xampp\htdocs\admin\Appointment.php on line 801
2025-08-28 10:14:06 Error: [2] Undefined array key "action" in C:\xampp\htdocs\admin\Appointment.php on line 801
2025-08-28 10:14:07 Error: [2] Undefined array key "action" in C:\xampp\htdocs\admin\Appointment.php on line 801
2025-08-28 10:14:10 Error: [2] Undefined array key "action" in C:\xampp\htdocs\admin\Appointment.php on line 801
2025-08-28 10:14:11 Error: [2] Undefined array key "action" in C:\xampp\htdocs\admin\Appointment.php on line 801
2025-08-28 10:14:16 Error: [2] Undefined array key "action" in C:\xampp\htdocs\admin\Appointment.php on line 801
2025-08-28 10:14:18 Error: [2] Undefined array key "action" in C:\xampp\htdocs\admin\Appointment.php on line 801
2025-08-28 10:14:18 Error: [2] Undefined array key "action" in C:\xampp\htdocs\admin\Appointment.php on line 801
2025-08-28 10:14:20 Error: [2] Undefined array key "action" in C:\xampp\htdocs\admin\Appointment.php on line 801
2025-08-28 10:14:20 Error: [2] Undefined array key "action" in C:\xampp\htdocs\admin\Appointment.php on line 801
2025-08-28 10:14:21 Error: [2] Undefined array key "action" in C:\xampp\htdocs\admin\Appointment.php on line 801
2025-08-28 10:14:22 Error: [2] Undefined array key "action" in C:\xampp\htdocs\admin\Appointment.php on line 801
2025-08-28 10:14:22 Error: [2] Undefined array key "action" in C:\xampp\htdocs\admin\Appointment.php on line 801
2025-08-28 10:14:23 Error: [2] Undefined array key "action" in C:\xampp\htdocs\admin\Appointment.php on line 801
2025-08-28 10:14:24 Error: [2] Undefined array key "action" in C:\xampp\htdocs\admin\Appointment.php on line 801
2025-08-28 10:14:25 Error: [2] Undefined array key "action" in C:\xampp\htdocs\admin\Appointment.php on line 801
2025-08-28 10:14:26 Error: [2] Undefined array key "action" in C:\xampp\htdocs\admin\Appointment.php on line 801
2025-08-28 10:14:27 Error: [2] Undefined array key "action" in C:\xampp\htdocs\admin\Appointment.php on line 801
2025-08-28 10:14:28 Error: [2] Undefined array key "action" in C:\xampp\htdocs\admin\Appointment.php on line 801
2025-08-28 10:14:29 Error: [2] Undefined array key "action" in C:\xampp\htdocs\admin\Appointment.php on line 801
2025-08-28 10:14:29 Error: [2] Undefined array key "action" in C:\xampp\htdocs\admin\Appointment.php on line 801
2025-08-28 10:14:33 Error: [2] Undefined array key "action" in C:\xampp\htdocs\admin\Appointment.php on line 801
2025-08-28 10:14:33 Error: [2] Undefined array key "action" in C:\xampp\htdocs\admin\Appointment.php on line 801
2025-08-28 10:14:34 Error: [2] Undefined array key "action" in C:\xampp\htdocs\admin\Appointment.php on line 801
2025-08-28 10:14:35 Error: [2] Undefined array key "action" in C:\xampp\htdocs\admin\Appointment.php on line 801
2025-08-28 10:14:37 Error: [2] Undefined array key "action" in C:\xampp\htdocs\admin\Appointment.php on line 801
2025-08-28 10:14:43 Error: [2] Undefined array key "action" in C:\xampp\htdocs\admin\Appointment.php on line 801
2025-08-28 10:14:47 Error: [2] Undefined array key "action" in C:\xampp\htdocs\admin\Appointment.php on line 801
2025-08-28 10:14:50 Error: [2] Undefined array key "action" in C:\xampp\htdocs\admin\Appointment.php on line 801
2025-08-28 10:15:13 Error: [2] Undefined array key "action" in C:\xampp\htdocs\admin\Appointment.php on line 801
2025-08-28 10:15:16 Error: [2] Undefined array key "action" in C:\xampp\htdocs\admin\Appointment.php on line 801
2025-08-28 10:15:17 Error: [2] Undefined array key "action" in C:\xampp\htdocs\admin\Appointment.php on line 801
2025-08-28 10:15:19 Error: [2] Undefined array key "action" in C:\xampp\htdocs\admin\Appointment.php on line 801
2025-08-28 10:16:08 Error: [2] Undefined array key "action" in C:\xampp\htdocs\admin\Appointment.php on line 801
2025-08-28 10:16:10 Error: [2] Undefined array key "action" in C:\xampp\htdocs\admin\Appointment.php on line 801
2025-08-28 10:16:11 Error: [2] Undefined array key "action" in C:\xampp\htdocs\admin\Appointment.php on line 801
2025-08-28 10:16:11 Error: [2] Undefined array key "action" in C:\xampp\htdocs\admin\Appointment.php on line 801
2025-08-28 10:16:12 Error: [2] Undefined array key "action" in C:\xampp\htdocs\admin\Appointment.php on line 801
2025-08-28 10:16:12 Error: [2] Undefined array key "action" in C:\xampp\htdocs\admin\Appointment.php on line 801
2025-08-28 10:16:12 Error: [2] Undefined array key "action" in C:\xampp\htdocs\admin\Appointment.php on line 801
2025-08-28 10:16:12 Error: [2] Undefined array key "action" in C:\xampp\htdocs\admin\Appointment.php on line 801
2025-08-28 10:16:13 Error: [2] Undefined array key "action" in C:\xampp\htdocs\admin\Appointment.php on line 801
2025-08-28 10:16:22 Error: [2] Undefined array key "action" in C:\xampp\htdocs\admin\Appointment.php on line 801
2025-08-28 10:16:22 Error: [2] Undefined array key "action" in C:\xampp\htdocs\admin\Appointment.php on line 801
2025-08-28 10:16:23 Error: [2] Undefined array key "action" in C:\xampp\htdocs\admin\Appointment.php on line 801
2025-08-28 10:16:23 Error: [2] Undefined array key "action" in C:\xampp\htdocs\admin\Appointment.php on line 801
2025-08-28 10:16:23 Error: [2] Undefined array key "action" in C:\xampp\htdocs\admin\Appointment.php on line 801
2025-08-28 10:16:24 Error: [2] Undefined array key "action" in C:\xampp\htdocs\admin\Appointment.php on line 801
2025-08-28 10:16:24 Error: [2] Undefined array key "action" in C:\xampp\htdocs\admin\Appointment.php on line 801
2025-08-28 10:16:24 Error: [2] Undefined array key "action" in C:\xampp\htdocs\admin\Appointment.php on line 801
2025-08-28 10:16:25 Error: [2] Undefined array key "action" in C:\xampp\htdocs\admin\Appointment.php on line 801
2025-08-28 10:16:25 Error: [2] Undefined array key "action" in C:\xampp\htdocs\admin\Appointment.php on line 801
2025-08-28 10:16:25 Error: [2] Undefined array key "action" in C:\xampp\htdocs\admin\Appointment.php on line 801
2025-08-28 10:16:26 Error: [2] Undefined array key "action" in C:\xampp\htdocs\admin\Appointment.php on line 801
2025-08-28 10:16:27 Error: [2] Undefined array key "action" in C:\xampp\htdocs\admin\Appointment.php on line 801
2025-08-28 10:16:28 Error: [2] Undefined array key "action" in C:\xampp\htdocs\admin\Appointment.php on line 801
2025-08-28 10:16:28 Error: [2] Undefined array key "action" in C:\xampp\htdocs\admin\Appointment.php on line 801
2025-08-28 10:16:30 Error: [2] Undefined array key "action" in C:\xampp\htdocs\admin\Appointment.php on line 801
2025-08-28 10:16:31 Error: [2] Undefined array key "action" in C:\xampp\htdocs\admin\Appointment.php on line 801
2025-08-28 10:16:31 Error: [2] Undefined array key "action" in C:\xampp\htdocs\admin\Appointment.php on line 801
2025-08-28 10:16:33 Error: [2] Undefined array key "action" in C:\xampp\htdocs\admin\Appointment.php on line 801
2025-08-28 10:17:17 Error: [2] Undefined array key "action" in C:\xampp\htdocs\admin\Appointment.php on line 801
2025-08-28 10:17:18 Error: [2] Undefined array key "action" in C:\xampp\htdocs\admin\Appointment.php on line 801
2025-08-28 10:17:18 Error: [2] Undefined array key "action" in C:\xampp\htdocs\admin\Appointment.php on line 801
2025-08-28 10:17:18 Error: [2] Undefined array key "action" in C:\xampp\htdocs\admin\Appointment.php on line 801
2025-08-28 10:17:18 Error: [2] Undefined array key "action" in C:\xampp\htdocs\admin\Appointment.php on line 801
2025-08-28 10:17:19 Error: [2] Undefined array key "action" in C:\xampp\htdocs\admin\Appointment.php on line 801
2025-08-28 10:17:25 Error: [2] Undefined array key "action" in C:\xampp\htdocs\admin\Appointment.php on line 801
2025-08-28 10:17:25 Error: [2] Undefined array key "action" in C:\xampp\htdocs\admin\Appointment.php on line 801
2025-08-28 10:17:26 Error: [2] Undefined array key "action" in C:\xampp\htdocs\admin\Appointment.php on line 801
2025-08-28 10:17:26 Error: [2] Undefined array key "action" in C:\xampp\htdocs\admin\Appointment.php on line 801
2025-08-28 10:17:26 Error: [2] Undefined array key "action" in C:\xampp\htdocs\admin\Appointment.php on line 801
2025-08-28 10:17:40 Error: [2] Undefined array key "action" in C:\xampp\htdocs\admin\Appointment.php on line 801
2025-08-28 10:17:40 Error: [2] Undefined array key "action" in C:\xampp\htdocs\admin\Appointment.php on line 801
2025-08-28 10:17:41 Error: [2] Undefined array key "action" in C:\xampp\htdocs\admin\Appointment.php on line 801
2025-08-28 10:17:41 Error: [2] Undefined array key "action" in C:\xampp\htdocs\admin\Appointment.php on line 801
2025-08-28 10:17:42 Error: [2] Undefined array key "action" in C:\xampp\htdocs\admin\Appointment.php on line 801
2025-08-28 10:18:11 Error: [2] Undefined array key "action" in C:\xampp\htdocs\admin\Appointment.php on line 790
2025-08-28 10:18:12 Error: [2] Undefined array key "action" in C:\xampp\htdocs\admin\Appointment.php on line 790
2025-08-28 10:18:12 Error: [2] Undefined array key "action" in C:\xampp\htdocs\admin\Appointment.php on line 790
2025-08-28 10:18:12 Error: [2] Undefined array key "action" in C:\xampp\htdocs\admin\Appointment.php on line 790
2025-08-28 10:20:12 Error: [2] Undefined array key "action" in C:\xampp\htdocs\admin\Appointment.php on line 793
2025-08-28 10:20:35 Error: [2] Undefined array key "action" in C:\xampp\htdocs\admin\Appointment.php on line 793
2025-08-28 10:21:17 Error: [2] Undefined array key "action" in C:\xampp\htdocs\admin\Appointment.php on line 795
2025-08-28 10:21:18 Error: [2] Undefined array key "action" in C:\xampp\htdocs\admin\Appointment.php on line 795
2025-08-28 10:22:49 Error: [2] Undefined array key "action" in C:\xampp\htdocs\admin\Appointment.php on line 795
2025-08-28 10:23:01 Error: [2] Undefined array key "action" in C:\xampp\htdocs\admin\Appointment.php on line 795
2025-08-28 10:23:01 Error: [2] Undefined array key "action" in C:\xampp\htdocs\admin\Appointment.php on line 795
2025-08-28 10:26:49 Error: [2] Undefined array key "action" in C:\xampp\htdocs\admin\Appointment.php on line 795
2025-08-28 10:27:10 Error: [2] Undefined array key "action" in C:\xampp\htdocs\admin\Appointment.php on line 795
2025-08-28 10:27:12 Error: [2] Undefined array key "action" in C:\xampp\htdocs\admin\Appointment.php on line 795
2025-08-28 10:28:23 Error: [2] Undefined array key "action" in C:\xampp\htdocs\admin\Appointment.php on line 795
2025-08-28 10:28:24 Error: [2] Undefined array key "action" in C:\xampp\htdocs\admin\Appointment.php on line 795
2025-08-28 10:28:24 Error: [2] Undefined array key "action" in C:\xampp\htdocs\admin\Appointment.php on line 795
2025-08-28 10:28:24 Error: [2] Undefined array key "action" in C:\xampp\htdocs\admin\Appointment.php on line 795
2025-08-28 10:28:24 Error: [2] Undefined array key "action" in C:\xampp\htdocs\admin\Appointment.php on line 795
2025-08-28 10:28:24 Error: [2] Undefined array key "action" in C:\xampp\htdocs\admin\Appointment.php on line 795
2025-08-28 10:28:25 Error: [2] Undefined array key "action" in C:\xampp\htdocs\admin\Appointment.php on line 795
2025-08-28 10:28:25 Error: [2] Undefined array key "action" in C:\xampp\htdocs\admin\Appointment.php on line 795
2025-08-28 10:28:25 Error: [2] Undefined array key "action" in C:\xampp\htdocs\admin\Appointment.php on line 795
2025-08-28 10:28:25 Error: [2] Undefined array key "action" in C:\xampp\htdocs\admin\Appointment.php on line 795
2025-08-28 10:28:26 Error: [2] Undefined array key "action" in C:\xampp\htdocs\admin\Appointment.php on line 795
2025-08-28 10:28:36 Error: [2] Undefined array key "action" in C:\xampp\htdocs\admin\Appointment.php on line 795
2025-08-28 10:29:12 Error: [2] Undefined array key "action" in C:\xampp\htdocs\admin\Appointment.php on line 795
2025-08-28 10:29:53 Error: [2] Undefined array key "action" in C:\xampp\htdocs\admin\Appointment.php on line 795
2025-08-28 10:30:09 Error: [2] Undefined array key "action" in C:\xampp\htdocs\admin\Appointment.php on line 795
2025-08-28 10:31:44 Error: [2] Undefined array key "action" in C:\xampp\htdocs\admin\Appointment.php on line 795
2025-08-28 10:31:48 Error: [2] Undefined array key "action" in C:\xampp\htdocs\admin\Appointment.php on line 795
2025-08-28 10:31:48 Error: [2] Undefined array key "action" in C:\xampp\htdocs\admin\Appointment.php on line 795
2025-08-28 10:31:48 Error: [2] Undefined array key "action" in C:\xampp\htdocs\admin\Appointment.php on line 795
2025-08-28 10:32:11 Error: [2] Undefined array key "action" in C:\xampp\htdocs\admin\Appointment.php on line 789
2025-08-28 10:32:44 Error: [2] Undefined array key "action" in C:\xampp\htdocs\admin\Appointment.php on line 790
2025-08-28 10:32:45 Error: [2] Undefined array key "action" in C:\xampp\htdocs\admin\Appointment.php on line 790
2025-08-28 10:32:45 Error: [2] Undefined array key "action" in C:\xampp\htdocs\admin\Appointment.php on line 790
2025-08-28 10:32:50 Error: [2] Undefined array key "action" in C:\xampp\htdocs\admin\Appointment.php on line 790
2025-08-28 10:32:51 Error: [2] Undefined array key "action" in C:\xampp\htdocs\admin\Appointment.php on line 790
2025-08-28 10:32:52 Error: [2] Undefined array key "action" in C:\xampp\htdocs\admin\Appointment.php on line 790
2025-08-28 10:33:02 Error: [2] Undefined array key "action" in C:\xampp\htdocs\admin\Appointment.php on line 792
2025-08-28 10:35:29 Error: [2] Undefined array key "action" in C:\xampp\htdocs\admin\Appointment.php on line 794
2025-08-28 10:36:14 Error: [2] Undefined array key "action" in C:\xampp\htdocs\admin\Appointment.php on line 794
2025-08-28 10:42:22 Error: [2] Undefined array key "action" in C:\xampp\htdocs\admin\Appointment.php on line 794
2025-08-28 10:42:28 Error: [2] Undefined array key "action" in C:\xampp\htdocs\admin\Appointment.php on line 794
2025-08-28 10:43:09 Error: [2] Undefined array key "action" in C:\xampp\htdocs\admin\Appointment.php on line 794
2025-08-28 10:43:10 Error: [2] Undefined array key "action" in C:\xampp\htdocs\admin\Appointment.php on line 794
2025-08-28 10:43:10 Error: [2] Undefined array key "action" in C:\xampp\htdocs\admin\Appointment.php on line 794
2025-08-28 10:43:35 Error: [2] Undefined array key "action" in C:\xampp\htdocs\admin\Appointment.php on line 794
2025-08-30 02:22:04 Error: [2] Undefined array key "action" in C:\xampp\htdocs\admin\Appointment.php on line 807
